901001	operator @eq
901100	operator @eq
901110	operator @eq
901111	operator @eq
901115	operator @eq
901120	operator @eq
901125	operator @eq
901130	operator @eq
901140	operator @eq
901141	operator @eq
901142	operator @eq
901143	operator @eq
901160	operator @eq
901162	operator @eq
901168	operator @eq
901163	operator @eq
901164	operator @eq
901165	operator @eq
901171	operator @eq
901510	operator @eq
901167	operator @eq
901169	operator @eq
901170	operator @eq
901320	operator @eq
901340	ctl/skipAfter control rule
901350	operator @eq
901400	ctl/skipAfter control rule
901410	no mappable variables
901450	ctl/skipAfter control rule
901500	operator @lt
905110	operator @ipMatch
911011	ctl/skipAfter control rule
911012	ctl/skipAfter control rule
911100	operator @within with TX macro
911013	ctl/skipAfter control rule
911014	ctl/skipAfter control rule
911015	ctl/skipAfter control rule
911016	ctl/skipAfter control rule
911017	ctl/skipAfter control rule
911018	ctl/skipAfter control rule
913011	ctl/skipAfter control rule
913012	ctl/skipAfter control rule
913013	ctl/skipAfter control rule
913014	ctl/skipAfter control rule
913015	ctl/skipAfter control rule
913016	ctl/skipAfter control rule
913017	ctl/skipAfter control rule
913018	ctl/skipAfter control rule
920011	ctl/skipAfter control rule
920012	ctl/skipAfter control rule
920100	degenerate: negative rule fails 9/9 benign cdnrays (e.g. ['/', '/index.html']) -> would block legitimate traffic
920170	no mappable variables
920171	no mappable variables
920180	no mappable variables
920181	operator @eq
920190	degenerate: chain head matches 1/1 benign cdnrays (e.g. ['bytes=0-1023']) -> discriminating child condition was lost
920660	operator @gt
920250	quarantined: broad/stateful when standalone
920280	ctl/skipAfter control rule
920340	degenerate: negative rule fails 1/2 benign cdnrays (e.g. ['1234']) -> would block legitimate traffic
920380	operator @eq
920360	operator @eq
920370	operator @eq
920390	operator @eq
920400	operator @eq
920410	operator @eq
920420	degenerate: chain head matches 4/4 benign cdnrays (e.g. ['application/json', 'application/x-www-form-urlencoded']) -> discriminating child condition was lost
920480	degenerate: chain head matches 1/4 benign cdnrays (e.g. ['text/plain;charset=UTF-8']) -> discriminating child condition was lost
920640	operator @gt
920430	operator @within with TX macro
920440	degenerate: chain head matches 1/4 benign cdnrays (e.g. ['/index.html']) -> discriminating child condition was lost
920450	degenerate: trivial catch-all pattern '(?i)^.*$'
920520	operator @gt
920539	ctl/skipAfter control rule
920620	operator @gt
920013	ctl/skipAfter control rule
920014	ctl/skipAfter control rule
920200	paranoia-level/2 > max 1
920201	paranoia-level/2 > max 1
920230	paranoia-level/2 > max 1
920271	paranoia-level/2 > max 1
920320	paranoia-level/2 > max 1
920121	paranoia-level/2 > max 1
920451	paranoia-level/2 > max 1
920240	paranoia-level/2 > max 1
920650	paranoia-level/2 > max 1
920015	ctl/skipAfter control rule
920016	ctl/skipAfter control rule
920272	paranoia-level/3 > max 1
920300	paranoia-level/3 > max 1
920490	paranoia-level/3 > max 1
920510	paranoia-level/3 > max 1
920521	paranoia-level/3 > max 1
920017	ctl/skipAfter control rule
920018	ctl/skipAfter control rule
920202	paranoia-level/4 > max 1
920273	paranoia-level/4 > max 1
920274	paranoia-level/4 > max 1
920275	paranoia-level/4 > max 1
920460	paranoia-level/4 > max 1
921011	ctl/skipAfter control rule
921012	ctl/skipAfter control rule
921160	quarantined: broad/stateful when standalone
921013	ctl/skipAfter control rule
921014	ctl/skipAfter control rule
921151	paranoia-level/2 > max 1
921422	paranoia-level/2 > max 1
921015	ctl/skipAfter control rule
921016	ctl/skipAfter control rule
921230	paranoia-level/3 > max 1
921170	quarantined: broad/stateful when standalone
921180	paranoia-level/3 > max 1
921210	paranoia-level/3 > max 1
921017	ctl/skipAfter control rule
921018	ctl/skipAfter control rule
921220	paranoia-level/4 > max 1
922100	operator @eq
922140	operator @gt
922110	TX/collection variable
930011	ctl/skipAfter control rule
930012	ctl/skipAfter control rule
930013	ctl/skipAfter control rule
930014	ctl/skipAfter control rule
930121	paranoia-level/2 > max 1
930015	ctl/skipAfter control rule
930016	ctl/skipAfter control rule
930017	ctl/skipAfter control rule
930018	ctl/skipAfter control rule
931011	ctl/skipAfter control rule
931012	ctl/skipAfter control rule
931013	ctl/skipAfter control rule
931014	ctl/skipAfter control rule
931130	paranoia-level/2 > max 1
931131	paranoia-level/2 > max 1
931015	ctl/skipAfter control rule
931016	ctl/skipAfter control rule
931017	ctl/skipAfter control rule
931018	ctl/skipAfter control rule
932011	ctl/skipAfter control rule
932012	ctl/skipAfter control rule
932230	degenerate chunk dropped: chain head matches 1/18 benign cdnrays (e.g. ['sid=abc123; theme=dark']) -> discriminating child condition was lost
932230	degenerate chunk dropped: chain head matches 1/18 benign cdnrays (e.g. ['sid=abc123; theme=dark']) -> discriminating child condition was lost
932230	degenerate chunk dropped: chain head matches 1/18 benign cdnrays (e.g. ['sid=abc123; theme=dark']) -> discriminating child condition was lost
932230	degenerate chunk dropped: chain head matches 1/18 benign cdnrays (e.g. ['sid=abc123; theme=dark']) -> discriminating child condition was lost
932230	degenerate chunk dropped: chain head matches 1/18 benign cdnrays (e.g. ['sid=abc123; theme=dark']) -> discriminating child condition was lost
932230	degenerate chunk dropped: chain head matches 1/18 benign cdnrays (e.g. ['sid=abc123; theme=dark']) -> discriminating child condition was lost
932230	degenerate chunk dropped: chain head matches 1/18 benign cdnrays (e.g. ['sid=abc123; theme=dark']) -> discriminating child condition was lost
932230	degenerate chunk dropped: chain head matches 1/18 benign cdnrays (e.g. ['sid=abc123; theme=dark']) -> discriminating child condition was lost
932230	degenerate chunk dropped: chain head matches 1/18 benign cdnrays (e.g. ['sid=abc123; theme=dark']) -> discriminating child condition was lost
932230	degenerate chunk dropped: chain head matches 1/18 benign cdnrays (e.g. ['sid=abc123; theme=dark']) -> discriminating child condition was lost
932230	degenerate chunk dropped: chain head matches 1/18 benign cdnrays (e.g. ['sid=abc123; theme=dark']) -> discriminating child condition was lost
932230	degenerate chunk dropped: chain head matches 1/18 benign cdnrays (e.g. ['sid=abc123; theme=dark']) -> discriminating child condition was lost
932230	degenerate chunk dropped: chain head matches 1/18 benign cdnrays (e.g. ['sid=abc123; theme=dark']) -> discriminating child condition was lost
932250	degenerate chunk dropped: chain head matches 1/18 benign cdnrays (e.g. ['sid=abc123; theme=dark']) -> discriminating child condition was lost
932250	degenerate chunk dropped: chain head matches 1/18 benign cdnrays (e.g. ['sid=abc123; theme=dark']) -> discriminating child condition was lost
932250	degenerate chunk dropped: chain head matches 1/18 benign cdnrays (e.g. ['sid=abc123; theme=dark']) -> discriminating child condition was lost
932250	degenerate chunk dropped: chain head matches 1/18 benign cdnrays (e.g. ['sid=abc123; theme=dark']) -> discriminating child condition was lost
932250	degenerate chunk dropped: chain head matches 1/18 benign cdnrays (e.g. ['sid=abc123; theme=dark']) -> discriminating child condition was lost
932250	degenerate chunk dropped: chain head matches 1/18 benign cdnrays (e.g. ['sid=abc123; theme=dark']) -> discriminating child condition was lost
932250	degenerate chunk dropped: chain head matches 1/18 benign cdnrays (e.g. ['sid=abc123; theme=dark']) -> discriminating child condition was lost
932250	degenerate chunk dropped: chain head matches 1/18 benign cdnrays (e.g. ['sid=abc123; theme=dark']) -> discriminating child condition was lost
932250	degenerate chunk dropped: chain head matches 1/18 benign cdnrays (e.g. ['sid=abc123; theme=dark']) -> discriminating child condition was lost
932250	degenerate chunk dropped: chain head matches 1/18 benign cdnrays (e.g. ['sid=abc123; theme=dark']) -> discriminating child condition was lost
932250	degenerate chunk dropped: chain head matches 1/18 benign cdnrays (e.g. ['sid=abc123; theme=dark']) -> discriminating child condition was lost
932250	degenerate chunk dropped: chain head matches 1/18 benign cdnrays (e.g. ['sid=abc123; theme=dark']) -> discriminating child condition was lost
932250	degenerate chunk dropped: chain head matches 1/18 benign cdnrays (e.g. ['sid=abc123; theme=dark']) -> discriminating child condition was lost
932013	ctl/skipAfter control rule
932014	ctl/skipAfter control rule
932371	paranoia-level/2 > max 1
932231	paranoia-level/2 > max 1
932131	paranoia-level/2 > max 1
932200	paranoia-level/2 > max 1
932205	paranoia-level/2 > max 1
932206	paranoia-level/2 > max 1
932207	paranoia-level/2 > max 1
932220	paranoia-level/2 > max 1
932240	paranoia-level/2 > max 1
932281	paranoia-level/2 > max 1
932210	paranoia-level/2 > max 1
932271	paranoia-level/2 > max 1
932300	paranoia-level/2 > max 1
932310	paranoia-level/2 > max 1
932320	paranoia-level/2 > max 1
932236	paranoia-level/2 > max 1
932239	paranoia-level/2 > max 1
932161	paranoia-level/2 > max 1
932390	paranoia-level/2 > max 1
932015	ctl/skipAfter control rule
932016	ctl/skipAfter control rule
932232	paranoia-level/3 > max 1
932237	paranoia-level/3 > max 1
932238	paranoia-level/3 > max 1
932290	paranoia-level/3 > max 1
932190	paranoia-level/3 > max 1
932350	paranoia-level/3 > max 1
932301	paranoia-level/3 > max 1
932311	paranoia-level/3 > max 1
932321	paranoia-level/3 > max 1
932331	paranoia-level/3 > max 1
932017	ctl/skipAfter control rule
932018	ctl/skipAfter control rule
933011	ctl/skipAfter control rule
933012	ctl/skipAfter control rule
933013	ctl/skipAfter control rule
933014	ctl/skipAfter control rule
933151	paranoia-level/2 > max 1
933152	paranoia-level/2 > max 1
933153	paranoia-level/2 > max 1
933015	ctl/skipAfter control rule
933016	ctl/skipAfter control rule
933131	paranoia-level/3 > max 1
933161	paranoia-level/3 > max 1
933111	paranoia-level/3 > max 1
933190	paranoia-level/3 > max 1
933211	paranoia-level/3 > max 1
933017	ctl/skipAfter control rule
933018	ctl/skipAfter control rule
934011	ctl/skipAfter control rule
934012	ctl/skipAfter control rule
934013	ctl/skipAfter control rule
934014	ctl/skipAfter control rule
934101	paranoia-level/2 > max 1
934120	paranoia-level/2 > max 1
934140	paranoia-level/2 > max 1
934180	paranoia-level/2 > max 1
934220	paranoia-level/2 > max 1
934015	ctl/skipAfter control rule
934016	ctl/skipAfter control rule
934210	paranoia-level/3 > max 1
934017	ctl/skipAfter control rule
934018	ctl/skipAfter control rule
941011	ctl/skipAfter control rule
941012	ctl/skipAfter control rule
941010	ctl/skipAfter control rule
941013	ctl/skipAfter control rule
941014	ctl/skipAfter control rule
941101	paranoia-level/2 > max 1
941150	paranoia-level/2 > max 1
941181	paranoia-level/2 > max 1
941320	paranoia-level/2 > max 1
941330	paranoia-level/2 > max 1
941340	paranoia-level/2 > max 1
941380	paranoia-level/2 > max 1
941015	ctl/skipAfter control rule
941016	ctl/skipAfter control rule
941017	ctl/skipAfter control rule
941018	ctl/skipAfter control rule
942011	ctl/skipAfter control rule
942012	ctl/skipAfter control rule
942013	ctl/skipAfter control rule
942014	ctl/skipAfter control rule
942120	paranoia-level/2 > max 1
942130	paranoia-level/2 > max 1
942131	paranoia-level/2 > max 1
942150	paranoia-level/2 > max 1
942180	paranoia-level/2 > max 1
942200	paranoia-level/2 > max 1
942210	paranoia-level/2 > max 1
942260	paranoia-level/2 > max 1
942300	paranoia-level/2 > max 1
942310	paranoia-level/2 > max 1
942330	paranoia-level/2 > max 1
942340	paranoia-level/2 > max 1
942361	paranoia-level/2 > max 1
942362	paranoia-level/2 > max 1
942370	paranoia-level/2 > max 1
942380	paranoia-level/2 > max 1
942390	paranoia-level/2 > max 1
942400	paranoia-level/2 > max 1
942410	paranoia-level/2 > max 1
942470	paranoia-level/2 > max 1
942480	paranoia-level/2 > max 1
942430	paranoia-level/2 > max 1
942440	paranoia-level/2 > max 1
942450	paranoia-level/2 > max 1
942510	paranoia-level/2 > max 1
942520	paranoia-level/2 > max 1
942521	paranoia-level/2 > max 1
942522	paranoia-level/2 > max 1
942101	paranoia-level/2 > max 1
942152	paranoia-level/2 > max 1
942321	paranoia-level/2 > max 1
942015	ctl/skipAfter control rule
942016	ctl/skipAfter control rule
942251	paranoia-level/3 > max 1
942490	paranoia-level/3 > max 1
942420	paranoia-level/3 > max 1
942431	paranoia-level/3 > max 1
942460	paranoia-level/3 > max 1
942511	paranoia-level/3 > max 1
942530	paranoia-level/3 > max 1
942017	ctl/skipAfter control rule
942018	ctl/skipAfter control rule
942421	paranoia-level/4 > max 1
942432	paranoia-level/4 > max 1
943011	ctl/skipAfter control rule
943012	ctl/skipAfter control rule
943013	ctl/skipAfter control rule
943014	ctl/skipAfter control rule
943015	ctl/skipAfter control rule
943016	ctl/skipAfter control rule
943017	ctl/skipAfter control rule
943018	ctl/skipAfter control rule
944011	ctl/skipAfter control rule
944012	ctl/skipAfter control rule
944013	ctl/skipAfter control rule
944014	ctl/skipAfter control rule
944151	paranoia-level/2 > max 1
944200	paranoia-level/2 > max 1
944210	paranoia-level/2 > max 1
944240	paranoia-level/2 > max 1
944250	paranoia-level/2 > max 1
944260	paranoia-level/2 > max 1
944015	ctl/skipAfter control rule
944016	ctl/skipAfter control rule
944300	paranoia-level/3 > max 1
944017	ctl/skipAfter control rule
944018	ctl/skipAfter control rule
944152	paranoia-level/4 > max 1
949052	operator @ge
949152	operator @ge
949053	operator @ge
949153	operator @ge
949054	operator @ge
949154	operator @ge
949055	operator @ge
949155	operator @ge
949060	operator @ge
949160	operator @ge
949061	operator @ge
949161	operator @ge
949062	operator @ge
949162	operator @ge
949063	operator @ge
949163	operator @ge
949111	operator @ge
949110	operator @ge
949011	ctl/skipAfter control rule
949012	ctl/skipAfter control rule
949013	ctl/skipAfter control rule
949014	ctl/skipAfter control rule
949015	ctl/skipAfter control rule
949016	ctl/skipAfter control rule
949017	ctl/skipAfter control rule
949018	ctl/skipAfter control rule
950021	ctl/skipAfter control rule
950010	ctl/skipAfter control rule
950011	ctl/skipAfter control rule
950012	ctl/skipAfter control rule
950013	ctl/skipAfter control rule
950014	ctl/skipAfter control rule
950100	paranoia-level/2 > max 1
950015	ctl/skipAfter control rule
950016	ctl/skipAfter control rule
950017	ctl/skipAfter control rule
950018	ctl/skipAfter control rule
951010	ctl/skipAfter control rule
951011	ctl/skipAfter control rule
951012	ctl/skipAfter control rule
951100	ctl/skipAfter control rule
951013	ctl/skipAfter control rule
951014	ctl/skipAfter control rule
951015	ctl/skipAfter control rule
951016	ctl/skipAfter control rule
951017	ctl/skipAfter control rule
951018	ctl/skipAfter control rule
952010	ctl/skipAfter control rule
952011	ctl/skipAfter control rule
952012	ctl/skipAfter control rule
952013	ctl/skipAfter control rule
952014	ctl/skipAfter control rule
952015	ctl/skipAfter control rule
952016	ctl/skipAfter control rule
952017	ctl/skipAfter control rule
952018	ctl/skipAfter control rule
953010	ctl/skipAfter control rule
953011	ctl/skipAfter control rule
953012	ctl/skipAfter control rule
953013	ctl/skipAfter control rule
953014	ctl/skipAfter control rule
953101	paranoia-level/2 > max 1
953015	ctl/skipAfter control rule
953016	ctl/skipAfter control rule
953017	ctl/skipAfter control rule
953018	ctl/skipAfter control rule
954010	ctl/skipAfter control rule
954011	ctl/skipAfter control rule
954012	ctl/skipAfter control rule
954130	no mappable variables
954013	ctl/skipAfter control rule
954014	ctl/skipAfter control rule
954101	paranoia-level/2 > max 1
954015	ctl/skipAfter control rule
954016	ctl/skipAfter control rule
954017	ctl/skipAfter control rule
954018	ctl/skipAfter control rule
955010	ctl/skipAfter control rule
955011	ctl/skipAfter control rule
955012	ctl/skipAfter control rule
955013	ctl/skipAfter control rule
955014	ctl/skipAfter control rule
955350	paranoia-level/2 > max 1
955015	ctl/skipAfter control rule
955016	ctl/skipAfter control rule
955017	ctl/skipAfter control rule
955018	ctl/skipAfter control rule
956010	ctl/skipAfter control rule
956011	ctl/skipAfter control rule
956012	ctl/skipAfter control rule
956013	ctl/skipAfter control rule
956014	ctl/skipAfter control rule
956110	paranoia-level/2 > max 1
956015	ctl/skipAfter control rule
956016	ctl/skipAfter control rule
956017	ctl/skipAfter control rule
956018	ctl/skipAfter control rule
959052	operator @ge
959152	operator @ge
959053	operator @ge
959153	operator @ge
959054	operator @ge
959154	operator @ge
959055	operator @ge
959155	operator @ge
959060	operator @ge
959160	operator @ge
959061	operator @ge
959161	operator @ge
959062	operator @ge
959162	operator @ge
959063	operator @ge
959163	operator @ge
959101	operator @ge
959100	operator @ge
959011	ctl/skipAfter control rule
959012	ctl/skipAfter control rule
959013	ctl/skipAfter control rule
959014	ctl/skipAfter control rule
959015	ctl/skipAfter control rule
959016	ctl/skipAfter control rule
959017	ctl/skipAfter control rule
959018	ctl/skipAfter control rule
980041	phase 5
980042	phase 5
980043	phase 5
980044	phase 5
980045	phase 5
980046	phase 5
980047	phase 5
980048	phase 5
980049	phase 5
980050	phase 5
980051	phase 5
980011	ctl/skipAfter control rule
980012	ctl/skipAfter control rule
980013	ctl/skipAfter control rule
980014	ctl/skipAfter control rule
980015	ctl/skipAfter control rule
980016	ctl/skipAfter control rule
980017	ctl/skipAfter control rule
980018	ctl/skipAfter control rule
